Microsoft Windows [Version 10.0.26200.8246]
(c) Microsoft Corporation. All rights reserved.

C:\Users\HAZEM\OneDrive\Desktop\anime app\Anime-main\Anime-main>